Compiling lib\main.dart for the Web...                          
flutter : Wasm dry run 
findings:
At line:1 char:1
+ flutter build web 2>&1 | 
Out-File -FilePath 
errors.txt; Get-Content e 
...
+ ~~~~~~~~~~~~~~~~~~~~~~
    + CategoryInfo          
    : NotSpecified: (Wasm   
  dry run findings::Strin   
 g) [], RemoteException
    + FullyQualifiedErrorId 
    : NativeCommandError
 
Found incompatibilities 
with WebAssembly.

package:flutter_secure_stora
ge_web/flutter_secure_storag
e_web.dart 5:1 - dart:html 
unsupported (0)
package:flutter_secure_stora
ge_web/src/subtle.dart 21:1 
- dart:html unsupported (0)
package:js/js.dart 10:1 - 
dart:js unsupported (1)
package:flutter_secure_stora
ge_web/flutter_secure_storag
e_web.dart 6:1 - JS interop 
library 'dart:js_util' 
can't be imported when 
compiling to Wasm. (2)
package:flutter_secure_stora
ge_web/src/subtle.dart 22:1 
- JS interop library 
'dart:js_util' can't be 
imported when compiling to 
Wasm. (2)
package:flutter_secure_stora
ge_web/src/subtle.dart 26:1 
- JS interop library 
'package:js/js.dart' can't 
be imported when compiling 
to Wasm. (2)

Consider addressing these 
issues to enable wasm 
builds. See docs for more 
info: https://docs.flutter.d
ev/platform-integration/web/
wasm

Use --no-wasm-dry-run to 
disable these warnings.
Target dart2js failed: 
ProcessException: Process 
exited abnormally with exit 
code 1:
lib/providers/petition_provi
der.dart:656:23:
Error: A value of type 
'int?' can't be returned 
from an async function with 
return type 'Future<int>'.
 - 'Future' is from 
'dart:async'.
      return snapshot.count;
                      ^
lib/providers/petition_provi
der.dart:673:23:
Error: A value of type 
'int?' can't be returned 
from an async function with 
return type 'Future<int>'.
 - 'Future' is from 
'dart:async'.
      return snapshot.count;
                      ^
Error: Compilation failed.
  Command: C:\flutter\bin\ca
che\dart-sdk\bin\dart.exe 
compile js --platform-binari
es=C:\flutter\bin\cache\flut
ter_web_sdk\kernel 
--invoker=flutter_tool 
-Ddart.vm.product=true 
-DFLUTTER_VERSION=3.35.5 
-DFLUTTER_CHANNEL=stable -DF
LUTTER_GIT_URL=https://githu
b.com/flutter/flutter.git -D
FLUTTER_FRAMEWORK_REVISION=a
c4e799d23 -DFLUTTER_ENGINE_R
EVISION=d3d45dcf25 -DFLUTTER
_DART_VERSION=3.9.2 
-DFLUTTER_WEB_USE_SKIA=true 
-DFLUTTER_WEB_USE_SKWASM=fal
se -DFLUTTER_WEB_CANVASKIT_U
RL=https://www.gstatic.com/f
lutter-canvaskit/d3d45dcf251
823c1769909cd43698d126db38de
b/ --native-null-assertions 
--no-source-maps -O4 
--minify -o C:\Users\HP\Desk
top\SP_Elluru\Dharma-CMS\fro
ntend\.dart_tool\flutter_bui
ld\db31e39f153fb36f6ca621363
9f6e03c\app.dill --packages=
C:\Users\HP\Desktop\SP_Ellur
u\Dharma-CMS\frontend\.dart_
tool\package_config.json 
--cfe-only C:\Users\HP\Deskt
op\SP_Elluru\Dharma-CMS\fron
tend\.dart_tool\flutter_buil
d\db31e39f153fb36f6ca6213639
f6e03c\main.dart
#0      
RunResult.throwException (pa
ckage:flutter_tools/src/base
/process.dart:118:5)
#1      
_DefaultProcessUtils.run (pa
ckage:flutter_tools/src/base
/process.dart:344:19)
<asynchronous suspension>
#2      Dart2JSTarget.build 
(package:flutter_tools/src/b
uild_system/targets/web.dart
:204:5)
<asynchronous suspension>
#3      _BuildInstance._invo
keInternal (package:flutter_
tools/src/build_system/build
_system.dart:873:9)
<asynchronous suspension>
#4      
Future.wait.<anonymous 
closure> (dart:async/future.
dart:525:21)
<asynchronous suspension>
#5      
_BuildInstance.invokeTarget 
(package:flutter_tools/src/b
uild_system/build_system.dar
t:811:32)
<asynchronous suspension>
#6      
Future.wait.<anonymous 
closure> (dart:async/future.
dart:525:21)
<asynchronous suspension>
#7      
_BuildInstance.invokeTarget 
(package:flutter_tools/src/b
uild_system/build_system.dar
t:811:32)
<asynchronous suspension>
#8      
FlutterBuildSystem.build (pa
ckage:flutter_tools/src/buil
d_system/build_system.dart:6
31:16)
<asynchronous suspension>
#9      WebBuilder.buildWeb 
(package:flutter_tools/src/w
eb/compile.dart:90:34)
<asynchronous suspension>
#10     
BuildWebCommand.runCommand (
package:flutter_tools/src/co
mmands/build_web.dart:282:5)
<asynchronous suspension>
#11     FlutterCommand.run.<
anonymous closure> (package:
flutter_tools/src/runner/flu
tter_command.dart:1581:27)
<asynchronous suspension>
#12     
AppContext.run.<anonymous 
closure> (package:flutter_to
ols/src/base/context.dart:15
4:19)
<asynchronous suspension>
#13     
CommandRunner.runCommand (pa
ckage:args/command_runner.da
rt:212:13)
<asynchronous suspension>
#14     FlutterCommandRunner
.runCommand.<anonymous 
closure> (package:flutter_to
ols/src/runner/flutter_comma
nd_runner.dart:503:9)
<asynchronous suspension>
#15     
AppContext.run.<anonymous 
closure> (package:flutter_to
ols/src/base/context.dart:15
4:19)
<asynchronous suspension>
#16     FlutterCommandRunner
.runCommand (package:flutter
_tools/src/runner/flutter_co
mmand_runner.dart:438:5)
<asynchronous suspension>
#17     run.<anonymous 
closure>.<anonymous 
closure> (package:flutter_to
ols/runner.dart:98:11)
<asynchronous suspension>
#18     
AppContext.run.<anonymous 
closure> (package:flutter_to
ols/src/base/context.dart:15
4:19)
<asynchronous suspension>
#19     main (package:flutte
r_tools/executable.dart:101:
3)
<asynchronous suspension>

Compiling lib\main.dart for the Web...                             31.2s
Error: Failed to compile 
application for the Web.
